Archive member included to satisfy reference by file (symbol)

/opt/st/stm32cubeide_1.17.0/plugins/com.st.stm32cube.ide.mcu.externaltools.gnu-tools-for-stm32.12.3.rel1.linux64_1.1.0.202410170702/tools/bin/../lib/gcc/arm-none-eabi/12.3.1/../../../../arm-none-eabi/lib/thumb/v7e-m+dp/hard/libc_nano.a(libc_a-exit.o)
                              /opt/st/stm32cubeide_1.17.0/plugins/com.st.stm32cube.ide.mcu.externaltools.gnu-tools-for-stm32.12.3.rel1.linux64_1.1.0.202410170702/tools/bin/../lib/gcc/arm-none-eabi/12.3.1/../../../../arm-none-eabi/lib/thumb/v7e-m+dp/hard/crt0.o (exit)
/opt/st/stm32cubeide_1.17.0/plugins/com.st.stm32cube.ide.mcu.externaltools.gnu-tools-for-stm32.12.3.rel1.linux64_1.1.0.202410170702/tools/bin/../lib/gcc/arm-none-eabi/12.3.1/../../../../arm-none-eabi/lib/thumb/v7e-m+dp/hard/libc_nano.a(libc_a-findfp.o)
                              /opt/st/stm32cubeide_1.17.0/plugins/com.st.stm32cube.ide.mcu.externaltools.gnu-tools-for-stm32.12.3.rel1.linux64_1.1.0.202410170702/tools/bin/../lib/gcc/arm-none-eabi/12.3.1/../../../../arm-none-eabi/lib/thumb/v7e-m+dp/hard/libc_nano.a(libc_a-exit.o) (__stdio_exit_handler)
/opt/st/stm32cubeide_1.17.0/plugins/com.st.stm32cube.ide.mcu.externaltools.gnu-tools-for-stm32.12.3.rel1.linux64_1.1.0.202410170702/tools/bin/../lib/gcc/arm-none-eabi/12.3.1/../../../../arm-none-eabi/lib/thumb/v7e-m+dp/hard/libc_nano.a(libc_a-fwalk.o)
                              /opt/st/stm32cubeide_1.17.0/plugins/com.st.stm32cube.ide.mcu.externaltools.gnu-tools-for-stm32.12.3.rel1.linux64_1.1.0.202410170702/tools/bin/../lib/gcc/arm-none-eabi/12.3.1/../../../../arm-none-eabi/lib/thumb/v7e-m+dp/hard/libc_nano.a(libc_a-findfp.o) (_fwalk_sglue)
/opt/st/stm32cubeide_1.17.0/plugins/com.st.stm32cube.ide.mcu.externaltools.gnu-tools-for-stm32.12.3.rel1.linux64_1.1.0.202410170702/tools/bin/../lib/gcc/arm-none-eabi/12.3.1/../../../../arm-none-eabi/lib/thumb/v7e-m+dp/hard/libc_nano.a(libc_a-stdio.o)
                              /opt/st/stm32cubeide_1.17.0/plugins/com.st.stm32cube.ide.mcu.externaltools.gnu-tools-for-stm32.12.3.rel1.linux64_1.1.0.202410170702/tools/bin/../lib/gcc/arm-none-eabi/12.3.1/../../../../arm-none-eabi/lib/thumb/v7e-m+dp/hard/libc_nano.a(libc_a-findfp.o) (__sread)
/opt/st/stm32cubeide_1.17.0/plugins/com.st.stm32cube.ide.mcu.externaltools.gnu-tools-for-stm32.12.3.rel1.linux64_1.1.0.202410170702/tools/bin/../lib/gcc/arm-none-eabi/12.3.1/../../../../arm-none-eabi/lib/thumb/v7e-m+dp/hard/libc_nano.a(libc_a-memset.o)
                              /opt/st/stm32cubeide_1.17.0/plugins/com.st.stm32cube.ide.mcu.externaltools.gnu-tools-for-stm32.12.3.rel1.linux64_1.1.0.202410170702/tools/bin/../lib/gcc/arm-none-eabi/12.3.1/../../../../arm-none-eabi/lib/thumb/v7e-m+dp/hard/crt0.o (memset)
/opt/st/stm32cubeide_1.17.0/plugins/com.st.stm32cube.ide.mcu.externaltools.gnu-tools-for-stm32.12.3.rel1.linux64_1.1.0.202410170702/tools/bin/../lib/gcc/arm-none-eabi/12.3.1/../../../../arm-none-eabi/lib/thumb/v7e-m+dp/hard/libc_nano.a(libc_a-closer.o)
                              /opt/st/stm32cubeide_1.17.0/plugins/com.st.stm32cube.ide.mcu.externaltools.gnu-tools-for-stm32.12.3.rel1.linux64_1.1.0.202410170702/tools/bin/../lib/gcc/arm-none-eabi/12.3.1/../../../../arm-none-eabi/lib/thumb/v7e-m+dp/hard/libc_nano.a(libc_a-stdio.o) (_close_r)
/opt/st/stm32cubeide_1.17.0/plugins/com.st.stm32cube.ide.mcu.externaltools.gnu-tools-for-stm32.12.3.rel1.linux64_1.1.0.202410170702/tools/bin/../lib/gcc/arm-none-eabi/12.3.1/../../../../arm-none-eabi/lib/thumb/v7e-m+dp/hard/libc_nano.a(libc_a-reent.o)
                              /opt/st/stm32cubeide_1.17.0/plugins/com.st.stm32cube.ide.mcu.externaltools.gnu-tools-for-stm32.12.3.rel1.linux64_1.1.0.202410170702/tools/bin/../lib/gcc/arm-none-eabi/12.3.1/../../../../arm-none-eabi/lib/thumb/v7e-m+dp/hard/libc_nano.a(libc_a-closer.o) (errno)
/opt/st/stm32cubeide_1.17.0/plugins/com.st.stm32cube.ide.mcu.externaltools.gnu-tools-for-stm32.12.3.rel1.linux64_1.1.0.202410170702/tools/bin/../lib/gcc/arm-none-eabi/12.3.1/../../../../arm-none-eabi/lib/thumb/v7e-m+dp/hard/libc_nano.a(libc_a-impure.o)
                              /opt/st/stm32cubeide_1.17.0/plugins/com.st.stm32cube.ide.mcu.externaltools.gnu-tools-for-stm32.12.3.rel1.linux64_1.1.0.202410170702/tools/bin/../lib/gcc/arm-none-eabi/12.3.1/../../../../arm-none-eabi/lib/thumb/v7e-m+dp/hard/libc_nano.a(libc_a-reent.o) (_impure_ptr)
/opt/st/stm32cubeide_1.17.0/plugins/com.st.stm32cube.ide.mcu.externaltools.gnu-tools-for-stm32.12.3.rel1.linux64_1.1.0.202410170702/tools/bin/../lib/gcc/arm-none-eabi/12.3.1/../../../../arm-none-eabi/lib/thumb/v7e-m+dp/hard/libc_nano.a(libc_a-lseekr.o)
                              /opt/st/stm32cubeide_1.17.0/plugins/com.st.stm32cube.ide.mcu.externaltools.gnu-tools-for-stm32.12.3.rel1.linux64_1.1.0.202410170702/tools/bin/../lib/gcc/arm-none-eabi/12.3.1/../../../../arm-none-eabi/lib/thumb/v7e-m+dp/hard/libc_nano.a(libc_a-stdio.o) (_lseek_r)
[...]
Memory Configuration

Name             Origin             Length             Attributes
RAM              0x20000000         0x00080000         xrw
FLASH            0x08000000         0x00200000         xr
*default*        0x00000000         0xffffffff

Linker script and memory map

LOAD /opt/st/stm32cubeide_1.17.0/plugins/com.st.stm32cube.ide.mcu.externaltools.gnu-tools-for-stm32.12.3.rel1.linux64_1.1.0.202410170702/tools/bin/../lib/gcc/arm-none-eabi/12.3.1/thumb/v7e-m+dp/hard/crti.o
LOAD /opt/st/stm32cubeide_1.17.0/plugins/com.st.stm32cube.ide.mcu.externaltools.gnu-tools-for-stm32.12.3.rel1.linux64_1.1.0.202410170702/tools/bin/../lib/gcc/arm-none-eabi/12.3.1/thumb/v7e-m+dp/hard/crtbegin.o
LOAD /opt/st/stm32cubeide_1.17.0/plugins/com.st.stm32cube.ide.mcu.externaltools.gnu-tools-for-stm32.12.3.rel1.linux64_1.1.0.202410170702/tools/bin/../lib/gcc/arm-none-eabi/12.3.1/../../../../arm-none-eabi/lib/thumb/v7e-m+dp/hard/crt0.o
LOAD ./Core/Src/main.o
LOAD ./Core/Src/stm32f7xx_hal_msp.o
LOAD ./Core/Src/stm32f7xx_it.o
LOAD ./Core/Src/syscalls.o
LOAD ./Core/Src/sysmem.o
LOAD ./Core/Src/system_stm32f7xx.o
LOAD ./Core/Startup/startup_stm32f767zitx.o
LOAD ./Drivers/STM32F7xx_HAL_Driver/Src/stm32f7xx_hal.o
LOAD ./Drivers/STM32F7xx_HAL_Driver/Src/stm32f7xx_hal_cortex.o
LOAD ./Drivers/STM32F7xx_HAL_Driver/Src/stm32f7xx_hal_dma.o
LOAD ./Drivers/STM32F7xx_HAL_Driver/Src/stm32f7xx_hal_dma_ex.o
LOAD ./Drivers/STM32F7xx_HAL_Driver/Src/stm32f7xx_hal_exti.o
LOAD ./Drivers/STM32F7xx_HAL_Driver/Src/stm32f7xx_hal_flash.o
LOAD ./Drivers/STM32F7xx_HAL_Driver/Src/stm32f7xx_hal_flash_ex.o
LOAD ./Drivers/STM32F7xx_HAL_Driver/Src/stm32f7xx_hal_gpio.o
LOAD ./Drivers/STM32F7xx_HAL_Driver/Src/stm32f7xx_hal_i2c.o
LOAD ./Drivers/STM32F7xx_HAL_Driver/Src/stm32f7xx_hal_i2c_ex.o
LOAD ./Drivers/STM32F7xx_HAL_Driver/Src/stm32f7xx_hal_pwr.o
LOAD ./Drivers/STM32F7xx_HAL_Driver/Src/stm32f7xx_hal_pwr_ex.o
LOAD ./Drivers/STM32F7xx_HAL_Driver/Src/stm32f7xx_hal_rcc.o
LOAD ./Drivers/STM32F7xx_HAL_Driver/Src/stm32f7xx_hal_rcc_ex.o
LOAD ./Drivers/STM32F7xx_HAL_Driver/Src/stm32f7xx_hal_tim.o
LOAD ./Drivers/STM32F7xx_HAL_Driver/Src/stm32f7xx_hal_tim_ex.o
LOAD ./Drivers/STM32F7xx_HAL_Driver/Src/stm32f7xx_hal_uart.o
LOAD ./Drivers/STM32F7xx_HAL_Driver/Src/stm32f7xx_hal_uart_ex.o
START GROUP
LOAD /opt/st/stm32cubeide_1.17.0/plugins/com.st.stm32cube.ide.mcu.externaltools.gnu-tools-for-stm32.12.3.rel1.linux64_1.1.0.202410170702/tools/bin/../lib/gcc/arm-none-eabi/12.3.1/../../../../arm-none-eabi/lib/thumb/v7e-m+dp/hard/libc_nano.a
LOAD /opt/st/stm32cubeide_1.17.0/plugins/com.st.stm32cube.ide.mcu.externaltools.gnu-tools-for-stm32.12.3.rel1.linux64_1.1.0.202410170702/tools/bin/../lib/gcc/arm-none-eabi/12.3.1/../../../../arm-none-eabi/lib/thumb/v7e-m+dp/hard/libm.a
END GROUP
START GROUP
LOAD /opt/st/stm32cubeide_1.17.0/plugins/com.st.stm32cube.ide.mcu.externaltools.gnu-tools-for-stm32.12.3.rel1.linux64_1.1.0.202410170702/tools/bin/../lib/gcc/arm-none-eabi/12.3.1/thumb/v7e-m+dp/hard/libgcc.a
LOAD /opt/st/stm32cubeide_1.17.0/plugins/com.st.stm32cube.ide.mcu.externaltools.gnu-tools-for-stm32.12.3.rel1.linux64_1.1.0.202410170702/tools/bin/../lib/gcc/arm-none-eabi/12.3.1/../../../../arm-none-eabi/lib/thumb/v7e-m+dp/hard/libc_nano.a
END GROUP
START GROUP
LOAD /opt/st/stm32cubeide_1.17.0/plugins/com.st.stm32cube.ide.mcu.externaltools.gnu-tools-for-stm32.12.3.rel1.linux64_1.1.0.202410170702/tools/bin/../lib/gcc/arm-none-eabi/12.3.1/thumb/v7e-m+dp/hard/libgcc.a
LOAD /opt/st/stm32cubeide_1.17.0/plugins/com.st.stm32cube.ide.mcu.externaltools.gnu-tools-for-stm32.12.3.rel1.linux64_1.1.0.202410170702/tools/bin/../lib/gcc/arm-none-eabi/12.3.1/../../../../arm-none-eabi/lib/thumb/v7e-m+dp/hard/libc_nano.a
LOAD /opt/st/stm32cubeide_1.17.0/plugins/com.st.stm32cube.ide.mcu.externaltools.gnu-tools-for-stm32.12.3.rel1.linux64_1.1.0.202410170702/tools/bin/../lib/gcc/arm-none-eabi/12.3.1/../../../../arm-none-eabi/lib/thumb/v7e-m+dp/hard/libnosys.a
END GROUP
START GROUP
LOAD /opt/st/stm32cubeide_1.17.0/plugins/com.st.stm32cube.ide.mcu.externaltools.gnu-tools-for-stm32.12.3.rel1.linux64_1.1.0.202410170702/tools/bin/../lib/gcc/arm-none-eabi/12.3.1/thumb/v7e-m+dp/hard/libgcc.a
LOAD /opt/st/stm32cubeide_1.17.0/plugins/com.st.stm32cube.ide.mcu.externaltools.gnu-tools-for-stm32.12.3.rel1.linux64_1.1.0.202410170702/tools/bin/../lib/gcc/arm-none-eabi/12.3.1/../../../../arm-none-eabi/lib/thumb/v7e-m+dp/hard/libc_nano.a
LOAD /opt/st/stm32cubeide_1.17.0/plugins/com.st.stm32cube.ide.mcu.externaltools.gnu-tools-for-stm32.12.3.rel1.linux64_1.1.0.202410170702/tools/bin/../lib/gcc/arm-none-eabi/12.3.1/../../../../arm-none-eabi/lib/thumb/v7e-m+dp/hard/libnosys.a
END GROUP
LOAD /opt/st/stm32cubeide_1.17.0/plugins/com.st.stm32cube.ide.mcu.externaltools.gnu-tools-for-stm32.12.3.rel1.linux64_1.1.0.202410170702/tools/bin/../lib/gcc/arm-none-eabi/12.3.1/thumb/v7e-m+dp/hard/crtend.o
LOAD /opt/st/stm32cubeide_1.17.0/plugins/com.st.stm32cube.ide.mcu.externaltools.gnu-tools-for-stm32.12.3.rel1.linux64_1.1.0.202410170702/tools/bin/../lib/gcc/arm-none-eabi/12.3.1/thumb/v7e-m+dp/hard/crtn.o
                0x20080000                        _estack = (ORIGIN (RAM) + LENGTH (RAM))
                0x00000200                        _Min_Heap_Size = 0x200
                0x00000400                        _Min_Stack_Size = 0x400

.isr_vector     0x08000000      0x1f8
                0x08000000                        . = ALIGN (0x4)
 *(.isr_vector)
 .isr_vector    0x08000000      0x1f8 ./Core/Startup/startup_stm32f767zitx.o
                0x08000000                g_pfnVectors
                0x080001f8                        . = ALIGN (0x4)

.text           0x080001f8     0x5e1c
                0x080001f8                        . = ALIGN (0x4)
 *(.text)
 .text          0x080001f8       0x40 /opt/st/stm32cubeide_1.17.0/plugins/com.st.stm32cube.ide.mcu.externaltools.gnu-tools-for-stm32.12.3.rel1.linux64_1.1.0.202410170702/tools/bin/../lib/gcc/arm-none-eabi/12.3.1/thumb/v7e-m+dp/hard/crtbegin.o
 .text          0x08000238       0x30 /opt/st/stm32cubeide_1.17.0/plugins/com.st.stm32cube.ide.mcu.externaltools.gnu-tools-for-stm32.12.3.rel1.linux64_1.1.0.202410170702/tools/bin/../lib/gcc/arm-none-eabi/12.3.1/thumb/v7e-m+dp/hard/libgcc.a(_aeabi_uldivmod.o)
                0x08000238                __aeabi_uldivmod
 .text          0x08000268      0x2bc /opt/st/stm32cubeide_1.17.0/plugins/com.st.stm32cube.ide.mcu.externaltools.gnu-tools-for-stm32.12.3.rel1.linux64_1.1.0.202410170702/tools/bin/../lib/gcc/arm-none-eabi/12.3.1/thumb/v7e-m+dp/hard/libgcc.a(_udivmoddi4.o)
                0x08000268                __udivmoddi4
 .text          0x08000524        0x4 /opt/st/stm32cubeide_1.17.0/plugins/com.st.stm32cube.ide.mcu.externaltools.gnu-tools-for-stm32.12.3.rel1.linux64_1.1.0.202410170702/tools/bin/../lib/gcc/arm-none-eabi/12.3.1/thumb/v7e-m+dp/hard/libgcc.a(_dvmd_tls.o)
                0x08000524                __aeabi_ldiv0
                0x08000524                __aeabi_idiv0
 *(.text*)
 .text.HAL_UART_RxCpltCallback
                0x08000528       0x68 ./Core/Src/main.o
                0x08000528                HAL_UART_RxCpltCallback
 .text.Get_Speed
                0x08000590      0x128 ./Core/Src/main.o
                0x08000590                Get_Speed
 .text.LPF_Speed
                0x080006b8       0x74 ./Core/Src/main.o
                0x080006b8                LPF_Speed
 *fill*         0x0800072c        0x4 
 .text.PID_control
                0x08000730      0x1c0 ./Core/Src/main.o
                0x08000730                PID_control
 .text.HAL_TIM_PeriodElapsedCallback
                0x080008f0      0x230 ./Core/Src/main.o
                0x080008f0                HAL_TIM_PeriodElapsedCallback
 .text.main     0x08000b20      0x13c ./Core/Src/main.o
                0x08000b20                main
 .text.SystemClock_Config
                0x08000c5c       0xb8 ./Core/Src/main.o
                0x08000c5c                SystemClock_Config
 .text.MX_TIM1_Init
                0x08000d14      0x1a0 ./Core/Src/main.o
 .text.MX_TIM2_Init
                0x08000eb4       0xa8 ./Core/Src/main.o
 .text.MX_TIM3_Init
                0x08000f5c       0xac ./Core/Src/main.o
 .text.MX_TIM4_Init
                0x08001008       0xac ./Core/Src/main.o
 .text.MX_TIM6_Init
                0x080010b4       0x6c ./Core/Src/main.o
 .text.MX_TIM8_Init
                0x08001120       0xb4 ./Core/Src/main.o
 .text.MX_USART1_UART_Init
                0x080011d4       0x60 ./Core/Src/main.o
 .text.MX_GPIO_Init
                0x08001234      0x120 ./Core/Src/main.o
 .text.MPU_Config
                0x08001354       0x58 ./Core/Src/main.o
 .text.Error_Handler
                0x080013ac        0xc ./Core/Src/main.o
                0x080013ac                Error_Handler
 .text.HAL_MspInit
                0x080013b8       0x48 ./Core/Src/stm32f7xx_hal_msp.o
                0x080013b8                HAL_MspInit
 .text.HAL_TIM_Base_MspInit
                0x08001400       0x74 ./Core/Src/stm32f7xx_hal_msp.o
                0x08001400                HAL_TIM_Base_MspInit
 .text.HAL_TIM_Encoder_MspInit
                0x08001474      0x1e8 ./Core/Src/stm32f7xx_hal_msp.o
                0x08001474                HAL_TIM_Encoder_MspInit
 .text.HAL_TIM_MspPostInit
                0x0800165c       0xb0 ./Core/Src/stm32f7xx_hal_msp.o
                0x0800165c                HAL_TIM_MspPostInit
 .text.HAL_UART_MspInit
                0x0800170c       0xcc ./Core/Src/stm32f7xx_hal_msp.o
                0x0800170c                HAL_UART_MspInit
 .text.NMI_Handler
                0x080017d8        0x8 ./Core/Src/stm32f7xx_it.o
                0x080017d8                NMI_Handler
 .text.HardFault_Handler
                0x080017e0        0x8 ./Core/Src/stm32f7xx_it.o
                0x080017e0                HardFault_Handler
 .text.MemManage_Handler
                0x080017e8        0x8 ./Core/Src/stm32f7xx_it.o
                0x080017e8                MemManage_Handler
 .text.BusFault_Handler
                0x080017f0        0x8 ./Core/Src/stm32f7xx_it.o
                0x080017f0                BusFault_Handler
 .text.UsageFault_Handler
                0x080017f8        0x8 ./Core/Src/stm32f7xx_it.o
                0x080017f8                UsageFault_Handler
 .text.SVC_Handler
                0x08001800        0xe ./Core/Src/stm32f7xx_it.o
                0x08001800                SVC_Handler
 .text.DebugMon_Handler
                0x0800180e        0xe ./Core/Src/stm32f7xx_it.o
                0x0800180e                DebugMon_Handler
 .text.PendSV_Handler
                0x0800181c        0xe ./Core/Src/stm32f7xx_it.o
                0x0800181c                PendSV_Handler
 .text.SysTick_Handler
                0x0800182a        0xc ./Core/Src/stm32f7xx_it.o
                0x0800182a                SysTick_Handler
 *fill*         0x08001836        0x2 
 .text.USART1_IRQHandler
                0x08001838       0x14 ./Core/Src/stm32f7xx_it.o
                0x08001838                USART1_IRQHandler
 .text.TIM6_DAC_IRQHandler
                0x0800184c       0x14 ./Core/Src/stm32f7xx_it.o
                0x0800184c                TIM6_DAC_IRQHandler
 .text.SystemInit
                0x08001860       0x24 ./Core/Src/system_stm32f7xx.o
                0x08001860                SystemInit
 .text.Reset_Handler
                0x08001884       0x50 ./Core/Startup/startup_stm32f767zitx.o
                0x08001884                Reset_Handler
 .text.Default_Handler
                0x080018d4        0x2 ./Core/Startup/startup_stm32f767zitx.o
                0x080018d4                RTC_Alarm_IRQHandler
                0x080018d4                EXTI2_IRQHandler
                0x080018d4                TIM8_CC_IRQHandler
                0x080018d4                UART8_IRQHandler
                0x080018d4                SPI4_IRQHandler
                0x080018d4                TIM1_CC_IRQHandler
                0x080018d4                DMA2_Stream5_IRQHandler
                0x080018d4                JPEG_IRQHandler
                0x080018d4                DMA1_Stream5_IRQHandler
                0x080018d4                CAN3_RX1_IRQHandler
                0x080018d4                PVD_IRQHandler
                0x080018d4                TAMP_STAMP_IRQHandler
                0x080018d4                CAN2_RX1_IRQHandler
                0x080018d4                EXTI3_IRQHandler
                0x080018d4                TIM8_TRG_COM_TIM14_IRQHandler
                0x080018d4                DFSDM1_FLT1_IRQHandler
                0x080018d4                TIM1_UP_TIM10_IRQHandler
                0x080018d4                TIM8_UP_TIM13_IRQHandler
                0x080018d4                I2C3_ER_IRQHandler
                0x080018d4                DFSDM1_FLT2_IRQHandler
                0x080018d4                EXTI0_IRQHandler
                0x080018d4                I2C2_EV_IRQHandler
                0x080018d4                DMA1_Stream2_IRQHandler
                0x080018d4                CAN1_RX0_IRQHandler
                0x080018d4                FPU_IRQHandler
                0x080018d4                OTG_HS_WKUP_IRQHandler
                0x080018d4                CAN3_SCE_IRQHandler
                0x080018d4                LTDC_ER_IRQHandler
                0x080018d4                CAN2_SCE_IRQHandler
                0x080018d4                DMA2_Stream2_IRQHandler
                0x080018d4                SPI1_IRQHandler
                0x080018d4                TIM1_BRK_TIM9_IRQHandler
                0x080018d4                DCMI_IRQHandler
                0x080018d4                CAN2_RX0_IRQHandler
                0x080018d4                DMA2_Stream3_IRQHandler
                0x080018d4                SAI2_IRQHandler
                0x080018d4                DFSDM1_FLT3_IRQHandler
                0x080018d4                USART6_IRQHandler
                0x080018d4                CAN3_RX0_IRQHandler
                0x080018d4                USART3_IRQHandler
                0x080018d4                CAN1_RX1_IRQHandler
                0x080018d4                UART5_IRQHandler
                0x080018d4                DMA2_Stream0_IRQHandler
                0x080018d4                TIM4_IRQHandler
                0x080018d4                QUADSPI_IRQHandler
                0x080018d4                I2C1_EV_IRQHandler
                0x080018d4                DMA1_Stream6_IRQHandler
                0x080018d4                DMA1_Stream1_IRQHandler
                0x080018d4                UART4_IRQHandler
                0x080018d4                TIM3_IRQHandler
                0x080018d4                RCC_IRQHandler
                0x080018d4                TIM8_BRK_TIM12_IRQHandler
                0x080018d4                Default_Handler
                0x080018d4                CEC_IRQHandler
                0x080018d4                EXTI15_10_IRQHandler
                0x080018d4                ADC_IRQHandler
                0x080018d4                DMA1_Stream7_IRQHandler
                0x080018d4                SPI5_IRQHandler
                0x080018d4                TIM7_IRQHandler
                0x080018d4                SDMMC1_IRQHandler
                0x080018d4                CAN2_TX_IRQHandler
                0x080018d4                TIM5_IRQHandler
                0x080018d4                DMA2_Stream7_IRQHandler
                0x080018d4                I2C3_EV_IRQHandler
                0x080018d4                EXTI9_5_IRQHandler
                0x080018d4                RTC_WKUP_IRQHandler
                0x080018d4                LTDC_IRQHandler
                0x080018d4                ETH_WKUP_IRQHandler
                0x080018d4                SPDIF_RX_IRQHandler
                0x080018d4                SPI2_IRQHandler
                0x080018d4                OTG_HS_EP1_IN_IRQHandler
                0x080018d4                DMA1_Stream0_IRQHandler
                0x080018d4                CAN1_TX_IRQHandler
                0x080018d4                EXTI4_IRQHandler
                0x080018d4                RNG_IRQHandler
                0x080018d4                ETH_IRQHandler
                0x080018d4                OTG_HS_EP1_OUT_IRQHandler
                0x080018d4                WWDG_IRQHandler
                0x080018d4                SPI6_IRQHandler
                0x080018d4                MDIOS_IRQHandler
                0x080018d4                I2C4_EV_IRQHandler
                0x080018d4                CAN3_TX_IRQHandler
                0x080018d4                TIM2_IRQHandler
                0x080018d4                OTG_FS_WKUP_IRQHandler
                0x080018d4                TIM1_TRG_COM_TIM11_IRQHandler
                0x080018d4                OTG_HS_IRQHandler
                0x080018d4                DMA2D_IRQHandler
                0x080018d4                EXTI1_IRQHandler
                0x080018d4                SDMMC2_IRQHandler
                0x080018d4                UART7_IRQHandler
                0x080018d4                USART2_IRQHandler
                0x080018d4                DFSDM1_FLT0_IRQHandler
                0x080018d4                I2C2_ER_IRQHandler
                0x080018d4                DMA2_Stream1_IRQHandler
                0x080018d4                CAN1_SCE_IRQHandler
                0x080018d4                FLASH_IRQHandler
                0x080018d4                DMA2_Stream4_IRQHandler
                0x080018d4                OTG_FS_IRQHandler
                0x080018d4                SPI3_IRQHandler
                0x080018d4                DMA1_Stream4_IRQHandler
                0x080018d4                I2C1_ER_IRQHandler
                0x080018d4                FMC_IRQHandler
                0x080018d4                LPTIM1_IRQHandler
                0x080018d4                I2C4_ER_IRQHandler
                0x080018d4                DMA2_Stream6_IRQHandler
                0x080018d4                SAI1_IRQHandler
                0x080018d4                DMA1_Stream3_IRQHandler
 .text.HAL_Init
                0x080018d6       0x1a ./Drivers/STM32F7xx_HAL_Driver/Src/stm32f7xx_hal.o
                0x080018d6                HAL_Init
 .text.HAL_InitTick
                0x080018f0       0x60 ./Drivers/STM32F7xx_HAL_Driver/Src/stm32f7xx_hal.o
                0x080018f0                HAL_InitTick
 .text.HAL_IncTick
                0x08001950       0x28 ./Drivers/STM32F7xx_HAL_Driver/Src/stm32f7xx_hal.o
                0x08001950                HAL_IncTick
 .text.HAL_GetTick
                0x08001978       0x18 ./Drivers/STM32F7xx_HAL_Driver/Src/stm32f7xx_hal.o
                0x08001978                HAL_GetTick
 .text.__NVIC_SetPriorityGrouping
                0x08001990       0x48 ./Drivers/STM32F7xx_HAL_Driver/Src/stm32f7xx_hal_cortex.o
 .text.__NVIC_GetPriorityGrouping
                0x080019d8       0x1c ./Drivers/STM32F7xx_HAL_Driver/Src/stm32f7xx_hal_cortex.o
 .text.__NVIC_EnableIRQ
                0x080019f4       0x3c ./Drivers/STM32F7xx_HAL_Driver/Src/stm32f7xx_hal_cortex.o
 .text.__NVIC_SetPriority
                0x08001a30       0x54 ./Drivers/STM32F7xx_HAL_Driver/Src/stm32f7xx_hal_cortex.o
 .text.NVIC_EncodePriority
                0x08001a84       0x66 ./Drivers/STM32F7xx_HAL_Driver/Src/stm32f7xx_hal_cortex.o
 *fill*         0x08001aea        0x2 
 .text.SysTick_Config
                0x08001aec       0x44 ./Drivers/STM32F7xx_HAL_Driver/Src/stm32f7xx_hal_cortex.o
 .text.HAL_NVIC_SetPriorityGrouping
                0x08001b30       0x16 ./Drivers/STM32F7xx_HAL_Driver/Src/stm32f7xx_hal_cortex.o
                0x08001b30                HAL_NVIC_SetPriorityGrouping
 .text.HAL_NVIC_SetPriority
                0x08001b46       0x38 ./Drivers/STM32F7xx_HAL_Driver/Src/stm32f7xx_hal_cortex.o
                0x08001b46                HAL_NVIC_SetPriority
 .text.HAL_NVIC_EnableIRQ
                0x08001b7e       0x1c ./Drivers/STM32F7xx_HAL_Driver/Src/stm32f7xx_hal_cortex.o
                0x08001b7e                HAL_NVIC_EnableIRQ
 .text.HAL_SYSTICK_Config
                0x08001b9a       0x18 ./Drivers/STM32F7xx_HAL_Driver/Src/stm32f7xx_hal_cortex.o
                0x08001b9a                HAL_SYSTICK_Config
 *fill*         0x08001bb2        0x2 
 .text.HAL_MPU_Disable
                0x08001bb4       0x30 ./Drivers/STM32F7xx_HAL_Driver/Src/stm32f7xx_hal_cortex.o
                0x08001bb4                HAL_MPU_Disable
 .text.HAL_MPU_Enable
                0x08001be4       0x40 ./Drivers/STM32F7xx_HAL_Driver/Src/stm32f7xx_hal_cortex.o
                0x08001be4                HAL_MPU_Enable
 .text.HAL_MPU_ConfigRegion
                0x08001c24       0x80 ./Drivers/STM32F7xx_HAL_Driver/Src/stm32f7xx_hal_cortex.o
                0x08001c24                HAL_MPU_ConfigRegion
 .text.HAL_DMA_Abort
                0x08001ca4       0xe0 ./Drivers/STM32F7xx_HAL_Driver/Src/stm32f7xx_hal_dma.o
                0x08001ca4                HAL_DMA_Abort
 .text.HAL_DMA_Abort_IT
                0x08001d84       0x44 ./Drivers/STM32F7xx_HAL_Driver/Src/stm32f7xx_hal_dma.o
                0x08001d84                HAL_DMA_Abort_IT
 .text.HAL_GPIO_Init
                0x08001dc8      0x358 ./Drivers/STM32F7xx_HAL_Driver/Src/stm32f7xx_hal_gpio.o
                0x08001dc8                HAL_GPIO_Init
 .text.HAL_GPIO_WritePin
                0x08002120       0x32 ./Drivers/STM32F7xx_HAL_Driver/Src/stm32f7xx_hal_gpio.o
                0x08002120                HAL_GPIO_WritePin
 .text.HAL_GPIO_TogglePin
                0x08002152       0x34 ./Drivers/STM32F7xx_HAL_Driver/Src/stm32f7xx_hal_gpio.o
                0x08002152                HAL_GPIO_TogglePin
 *fill*         0x08002186        0x2 
 .text.HAL_RCC_OscConfig
                0x08002188      0x55c ./Drivers/STM32F7xx_HAL_Driver/Src/stm32f7xx_hal_rcc.o
                0x08002188                HAL_RCC_OscConfig
 .text.HAL_RCC_ClockConfig
                0x080026e4      0x1d8 ./Drivers/STM32F7xx_HAL_Driver/Src/stm32f7xx_hal_rcc.o
                0x080026e4                HAL_RCC_ClockConfig
 .text.HAL_RCC_GetSysClockFreq
                0x080028bc      0x18c ./Drivers/STM32F7xx_HAL_Driver/Src/stm32f7xx_hal_rcc.o
                0x080028bc                HAL_RCC_GetSysClockFreq
 .text.HAL_RCC_GetHCLKFreq
                0x08002a48       0x18 ./Drivers/STM32F7xx_HAL_Driver/Src/stm32f7xx_hal_rcc.o
                0x08002a48                HAL_RCC_GetHCLKFreq
 .text.HAL_RCC_GetPCLK1Freq
                0x08002a60       0x28 ./Drivers/STM32F7xx_HAL_Driver/Src/stm32f7xx_hal_rcc.o
                0x08002a60                HAL_RCC_GetPCLK1Freq
 .text.HAL_RCC_GetPCLK2Freq
                0x08002a88       0x28 ./Drivers/STM32F7xx_HAL_Driver/Src/stm32f7xx_hal_rcc.o
                0x08002a88                HAL_RCC_GetPCLK2Freq
 .text.HAL_RCCEx_PeriphCLKConfig
                0x08002ab0      0x850 ./Drivers/STM32F7xx_HAL_Driver/Src/stm32f7xx_hal_rcc_ex.o
                0x08002ab0                HAL_RCCEx_PeriphCLKConfig
 .text.HAL_TIM_Base_Init
                0x08003300       0xae ./Drivers/STM32F7xx_HAL_Driver/Src/stm32f7xx_hal_tim.o
                0x08003300                HAL_TIM_Base_Init
 *fill*         0x080033ae        0x2 
 .text.HAL_TIM_Base_Start_IT
                0x080033b0       0xf0 ./Drivers/STM32F7xx_HAL_Driver/Src/stm32f7xx_hal_tim.o
                0x080033b0                HAL_TIM_Base_Start_IT
 .text.HAL_TIM_PWM_Init
                0x080034a0       0xae ./Drivers/STM32F7xx_HAL_Driver/Src/stm32f7xx_hal_tim.o
                0x080034a0                HAL_TIM_PWM_Init
 .text.HAL_TIM_PWM_MspInit
                0x0800354e       0x14 ./Drivers/STM32F7xx_HAL_Driver/Src/stm32f7xx_hal_tim.o
                0x0800354e                HAL_TIM_PWM_MspInit
 *fill*         0x08003562        0x2 
 .text.HAL_TIM_PWM_Start
                0x08003564      0x1f4 ./Drivers/STM32F7xx_HAL_Driver/Src/stm32f7xx_hal_tim.o
                0x08003564                HAL_TIM_PWM_Start
 .text.HAL_TIM_Encoder_Init
                0x08003758      0x14c ./Drivers/STM32F7xx_HAL_Driver/Src/stm32f7xx_hal_tim.o
                0x08003758                HAL_TIM_Encoder_Init
 .text.HAL_TIM_Encoder_Start
                0x080038a4      0x11c ./Drivers/STM32F7xx_HAL_Driver/Src/stm32f7xx_hal_tim.o
                0x080038a4                HAL_TIM_Encoder_Start
 .text.HAL_TIM_IRQHandler
                0x080039c0      0x20e ./Drivers/STM32F7xx_HAL_Driver/Src/stm32f7xx_hal_tim.o
                0x080039c0                HAL_TIM_IRQHandler
 *fill*         0x08003bce        0x2 
 .text.HAL_TIM_PWM_ConfigChannel
                0x08003bd0      0x228 ./Drivers/STM32F7xx_HAL_Driver/Src/stm32f7xx_hal_tim.o
                0x08003bd0                HAL_TIM_PWM_ConfigChannel
 .text.HAL_TIM_ConfigClockSource
                0x08003df8      0x194 ./Drivers/STM32F7xx_HAL_Driver/Src/stm32f7xx_hal_tim.o
                0x08003df8                HAL_TIM_ConfigClockSource
 .text.HAL_TIM_OC_DelayElapsedCallback
                0x08003f8c       0x14 ./Drivers/STM32F7xx_HAL_Driver/Src/stm32f7xx_hal_tim.o
                0x08003f8c                HAL_TIM_OC_DelayElapsedCallback
 .text.HAL_TIM_IC_CaptureCallback
                0x08003fa0       0x14 ./Drivers/STM32F7xx_HAL_Driver/Src/stm32f7xx_hal_tim.o
                0x08003fa0                HAL_TIM_IC_CaptureCallback
 .text.HAL_TIM_PWM_PulseFinishedCallback
                0x08003fb4       0x14 ./Drivers/STM32F7xx_HAL_Driver/Src/stm32f7xx_hal_tim.o
                0x08003fb4                HAL_TIM_PWM_PulseFinishedCallback
 .text.HAL_TIM_TriggerCallback
                0x08003fc8       0x14 ./Drivers/STM32F7xx_HAL_Driver/Src/stm32f7xx_hal_tim.o
                0x08003fc8                HAL_TIM_TriggerCallback
 .text.TIM_Base_SetConfig
                0x08003fdc      0x14c ./Drivers/STM32F7xx_HAL_Driver/Src/stm32f7xx_hal_tim.o
                0x08003fdc                TIM_Base_SetConfig
 .text.TIM_OC1_SetConfig
                0x08004128       0xe4 ./Drivers/STM32F7xx_HAL_Driver/Src/stm32f7xx_hal_tim.o
 .text.TIM_OC2_SetConfig
                0x0800420c       0xf0 ./Drivers/STM32F7xx_HAL_Driver/Src/stm32f7xx_hal_tim.o
                0x0800420c                TIM_OC2_SetConfig
 .text.TIM_OC3_SetConfig
                0x080042fc       0xec ./Drivers/STM32F7xx_HAL_Driver/Src/stm32f7xx_hal_tim.o
 .text.TIM_OC4_SetConfig
                0x080043e8       0xb0 ./Drivers/STM32F7xx_HAL_Driver/Src/stm32f7xx_hal_tim.o
 .text.TIM_OC5_SetConfig
                0x08004498       0xa4 ./Drivers/STM32F7xx_HAL_Driver/Src/stm32f7xx_hal_tim.o
 .text.TIM_OC6_SetConfig
                0x0800453c       0xa8 ./Drivers/STM32F7xx_HAL_Driver/Src/stm32f7xx_hal_tim.o
 .text.TIM_TI1_ConfigInputStage
                0x080045e4       0x5e ./Drivers/STM32F7xx_HAL_Driver/Src/stm32f7xx_hal_tim.o
 .text.TIM_TI2_ConfigInputStage
                0x08004642       0x60 ./Drivers/STM32F7xx_HAL_Driver/Src/stm32f7xx_hal_tim.o
 .text.TIM_ITRx_SetConfig
                0x080046a2       0x36 ./Drivers/STM32F7xx_HAL_Driver/Src/stm32f7xx_hal_tim.o
 .text.TIM_ETR_SetConfig
                0x080046d8       0x40 ./Drivers/STM32F7xx_HAL_Driver/Src/stm32f7xx_hal_tim.o
                0x080046d8                TIM_ETR_SetConfig
 .text.TIM_CCxChannelCmd
                0x08004718       0x4a ./Drivers/STM32F7xx_HAL_Driver/Src/stm32f7xx_hal_tim.o
                0x08004718                TIM_CCxChannelCmd
 *fill*         0x08004762        0x2 
 .text.HAL_TIMEx_MasterConfigSynchronization
                0x08004764      0x11c ./Drivers/STM32F7xx_HAL_Driver/Src/stm32f7xx_hal_tim_ex.o
                0x08004764                HAL_TIMEx_MasterConfigSynchronization
 .text.HAL_TIMEx_ConfigBreakDeadTime
                0x08004880       0xfc ./Drivers/STM32F7xx_HAL_Driver/Src/stm32f7xx_hal_tim_ex.o
                0x08004880                HAL_TIMEx_ConfigBreakDeadTime
 .text.HAL_TIMEx_CommutCallback
                0x0800497c       0x14 ./Drivers/STM32F7xx_HAL_Driver/Src/stm32f7xx_hal_tim_ex.o
                0x0800497c                HAL_TIMEx_CommutCallback
 .text.HAL_TIMEx_BreakCallback
                0x08004990       0x14 ./Drivers/STM32F7xx_HAL_Driver/Src/stm32f7xx_hal_tim_ex.o
                0x08004990                HAL_TIMEx_BreakCallback
 .text.HAL_TIMEx_Break2Callback
                0x080049a4       0x14 ./Drivers/STM32F7xx_HAL_Driver/Src/stm32f7xx_hal_tim_ex.o
                0x080049a4                HAL_TIMEx_Break2Callback
 .text.HAL_UART_Init
                0x080049b8       0x9c ./Drivers/STM32F7xx_HAL_Driver/Src/stm32f7xx_hal_uart.o
                0x080049b8                HAL_UART_Init
 .text.HAL_UART_Receive_IT
                0x08004a54       0x88 ./Drivers/STM32F7xx_HAL_Driver/Src/stm32f7xx_hal_uart.o
                0x08004a54                HAL_UART_Receive_IT
 .text.HAL_UART_IRQHandler
                0x08004adc      0x604 ./Drivers/STM32F7xx_HAL_Driver/Src/stm32f7xx_hal_uart.o
                0x08004adc                HAL_UART_IRQHandler
 .text.HAL_UART_TxCpltCallback
                0x080050e0       0x14 ./Drivers/STM32F7xx_HAL_Driver/Src/stm32f7xx_hal_uart.o
                0x080050e0                HAL_UART_TxCpltCallback
 .text.HAL_UART_ErrorCallback
                0x080050f4       0x14 ./Drivers/STM32F7xx_HAL_Driver/Src/stm32f7xx_hal_uart.o
                0x080050f4                HAL_UART_ErrorCallback
 .text.HAL_UARTEx_RxEventCallback
                0x08005108       0x18 ./Drivers/STM32F7xx_HAL_Driver/Src/stm32f7xx_hal_uart.o
                0x08005108                HAL_UARTEx_RxEventCallback
 .text.HAL_UARTEx_WakeupCallback
                0x08005120       0x14 ./Drivers/STM32F7xx_HAL_Driver/Src/stm32f7xx_hal_uart.o
                0x08005120                HAL_UARTEx_WakeupCallback
 .text.UART_SetConfig
                0x08005134      0x4c8 ./Drivers/STM32F7xx_HAL_Driver/Src/stm32f7xx_hal_uart.o
                0x08005134                UART_SetConfig
 .text.UART_AdvFeatureConfig
                0x080055fc      0x144 ./Drivers/STM32F7xx_HAL_Driver/Src/stm32f7xx_hal_uart.o
                0x080055fc                UART_AdvFeatureConfig
 .text.UART_CheckIdleState
                0x08005740      0x150 ./Drivers/STM32F7xx_HAL_Driver/Src/stm32f7xx_hal_uart.o
                0x08005740                UART_CheckIdleState
 .text.UART_WaitOnFlagUntilTimeout
                0x08005890       0xda ./Drivers/STM32F7xx_HAL_Driver/Src/stm32f7xx_hal_uart.o
                0x08005890                UART_WaitOnFlagUntilTimeout
 *fill*         0x0800596a        0x2 
 .text.UART_Start_Receive_IT
                0x0800596c      0x18c ./Drivers/STM32F7xx_HAL_Driver/Src/stm32f7xx_hal_uart.o
                0x0800596c                UART_Start_Receive_IT
 .text.UART_EndRxTransfer
                0x08005af8       0xc8 ./Drivers/STM32F7xx_HAL_Driver/Src/stm32f7xx_hal_uart.o
 .text.UART_DMAAbortOnError
                0x08005bc0       0x24 ./Drivers/STM32F7xx_HAL_Driver/Src/stm32f7xx_hal_uart.o
 .text.UART_EndTransmit_IT
                0x08005be4       0x54 ./Drivers/STM32F7xx_HAL_Driver/Src/stm32f7xx_hal_uart.o
 .text.UART_RxISR_8BIT
                0x08005c38      0x1a8 ./Drivers/STM32F7xx_HAL_Driver/Src/stm32f7xx_hal_uart.o
 .text.UART_RxISR_16BIT
                0x08005de0      0x1a8 ./Drivers/STM32F7xx_HAL_Driver/Src/stm32f7xx_hal_uart.o
 .text.memset   0x08005f88       0x10 /opt/st/stm32cubeide_1.17.0/plugins/com.st.stm32cube.ide.mcu.externaltools.gnu-tools-for-stm32.12.3.rel1.linux64_1.1.0.202410170702/tools/bin/../lib/gcc/arm-none-eabi/12.3.1/../../../../arm-none-eabi/lib/thumb/v7e-m+dp/hard/libc_nano.a(libc_a-memset.o)
                0x08005f88                memset
 .text.__libc_init_array
                0x08005f98       0x48 /opt/st/stm32cubeide_1.17.0/plugins/com.st.stm32cube.ide.mcu.externaltools.gnu-tools-for-stm32.12.3.rel1.linux64_1.1.0.202410170702/tools/bin/../lib/gcc/arm-none-eabi/12.3.1/../../../../arm-none-eabi/lib/thumb/v7e-m+dp/hard/libc_nano.a(libc_a-init.o)
                0x08005f98                __libc_init_array
 .text.memcpy   0x08005fe0       0x1c /opt/st/stm32cubeide_1.17.0/plugins/com.st.stm32cube.ide.mcu.externaltools.gnu-tools-for-stm32.12.3.rel1.linux64_1.1.0.202410170702/tools/bin/../lib/gcc/arm-none-eabi/12.3.1/../../../../arm-none-eabi/lib/thumb/v7e-m+dp/hard/libc_nano.a(libc_a-memcpy-stub.o)
                0x08005fe0                memcpy
 *(.glue_7)
 .glue_7        0x08005ffc        0x0 linker stubs
 *(.glue_7t)
 .glue_7t       0x08005ffc        0x0 linker stubs
 *(.eh_frame)
 .eh_frame      0x08005ffc        0x0 /opt/st/stm32cubeide_1.17.0/plugins/com.st.stm32cube.ide.mcu.externaltools.gnu-tools-for-stm32.12.3.rel1.linux64_1.1.0.202410170702/tools/bin/../lib/gcc/arm-none-eabi/12.3.1/thumb/v7e-m+dp/hard/crtbegin.o
 *(.init)
 .init          0x08005ffc        0x4 /opt/st/stm32cubeide_1.17.0/plugins/com.st.stm32cube.ide.mcu.externaltools.gnu-tools-for-stm32.12.3.rel1.linux64_1.1.0.202410170702/tools/bin/../lib/gcc/arm-none-eabi/12.3.1/thumb/v7e-m+dp/hard/crti.o
                0x08005ffc                _init
 .init          0x08006000        0x8 /opt/st/stm32cubeide_1.17.0/plugins/com.st.stm32cube.ide.mcu.externaltools.gnu-tools-for-stm32.12.3.rel1.linux64_1.1.0.202410170702/tools/bin/../lib/gcc/arm-none-eabi/12.3.1/thumb/v7e-m+dp/hard/crtn.o
 *(.fini)
 .fini          0x08006008        0x4 /opt/st/stm32cubeide_1.17.0/plugins/com.st.stm32cube.ide.mcu.externaltools.gnu-tools-for-stm32.12.3.rel1.linux64_1.1.0.202410170702/tools/bin/../lib/gcc/arm-none-eabi/12.3.1/thumb/v7e-m+dp/hard/crti.o
                0x08006008                _fini
 .fini          0x0800600c        0x8 /opt/st/stm32cubeide_1.17.0/plugins/com.st.stm32cube.ide.mcu.externaltools.gnu-tools-for-stm32.12.3.rel1.linux64_1.1.0.202410170702/tools/bin/../lib/gcc/arm-none-eabi/12.3.1/thumb/v7e-m+dp/hard/crtn.o
                0x08006014                        . = ALIGN (0x4)
                0x08006014                        _etext = .

.vfp11_veneer   0x08006014        0x0
 .vfp11_veneer  0x08006014        0x0 linker stubs

.v4_bx          0x08006014        0x0
 .v4_bx         0x08006014        0x0 linker stubs

.iplt           0x08006014        0x0
 .iplt          0x08006014        0x0 /opt/st/stm32cubeide_1.17.0/plugins/com.st.stm32cube.ide.mcu.externaltools.gnu-tools-for-stm32.12.3.rel1.linux64_1.1.0.202410170702/tools/bin/../lib/gcc/arm-none-eabi/12.3.1/thumb/v7e-m+dp/hard/crtbegin.o

.rodata         0x08006014       0x18
                0x08006014                        . = ALIGN (0x4)
 *(.rodata)
 *(.rodata*)
 .rodata.AHBPrescTable
                0x08006014       0x10 ./Core/Src/system_stm32f7xx.o
                0x08006014                AHBPrescTable
 .rodata.APBPrescTable
                0x08006024        0x8 ./Core/Src/system_stm32f7xx.o
                0x08006024                APBPrescTable
                0x0800602c                        . = ALIGN (0x4)

.ARM.extab      0x0800602c        0x0
                0x0800602c                        . = ALIGN (0x4)
 *(.ARM.extab* .gnu.linkonce.armextab.*)
                0x0800602c                        . = ALIGN (0x4)

.ARM            0x0800602c        0x8
                0x0800602c                        . = ALIGN (0x4)
                0x0800602c                        __exidx_start = .
 *(.ARM.exidx*)
 .ARM.exidx     0x0800602c        0x8 /opt/st/stm32cubeide_1.17.0/plugins/com.st.stm32cube.ide.mcu.externaltools.gnu-tools-for-stm32.12.3.rel1.linux64_1.1.0.202410170702/tools/bin/../lib/gcc/arm-none-eabi/12.3.1/thumb/v7e-m+dp/hard/libgcc.a(_udivmoddi4.o)
                0x08006034                        __exidx_end = .
                0x08006034                        . = ALIGN (0x4)

.preinit_array  0x08006034        0x0
                0x08006034                        . = ALIGN (0x4)
                0x08006034                        PROVIDE (__preinit_array_start = .)
 *(.preinit_array*)
                0x08006034                        PROVIDE (__preinit_array_end = .)
                0x08006034                        . = ALIGN (0x4)

.init_array     0x08006034        0x4
                0x08006034                        . = ALIGN (0x4)
                0x08006034                        PROVIDE (__init_array_start = .)
 *(SORT_BY_NAME(.init_array.*))
 *(.init_array*)
 .init_array    0x08006034        0x4 /opt/st/stm32cubeide_1.17.0/plugins/com.st.stm32cube.ide.mcu.externaltools.gnu-tools-for-stm32.12.3.rel1.linux64_1.1.0.202410170702/tools/bin/../lib/gcc/arm-none-eabi/12.3.1/thumb/v7e-m+dp/hard/crtbegin.o
                0x08006038                        PROVIDE (__init_array_end = .)
                0x08006038                        . = ALIGN (0x4)

.fini_array     0x08006038        0x4
                0x08006038                        . = ALIGN (0x4)
                [!provide]                        PROVIDE (__fini_array_start = .)
 *(SORT_BY_NAME(.fini_array.*))
 *(.fini_array*)
 .fini_array    0x08006038        0x4 /opt/st/stm32cubeide_1.17.0/plugins/com.st.stm32cube.ide.mcu.externaltools.gnu-tools-for-stm32.12.3.rel1.linux64_1.1.0.202410170702/tools/bin/../lib/gcc/arm-none-eabi/12.3.1/thumb/v7e-m+dp/hard/crtbegin.o
                [!provide]                        PROVIDE (__fini_array_end = .)
                0x0800603c                        . = ALIGN (0x4)
                0x0800603c                        _sidata = LOADADDR (.data)

.rel.dyn        0x0800603c        0x0
 .rel.iplt      0x0800603c        0x0 /opt/st/stm32cubeide_1.17.0/plugins/com.st.stm32cube.ide.mcu.externaltools.gnu-tools-for-stm32.12.3.rel1.linux64_1.1.0.202410170702/tools/bin/../lib/gcc/arm-none-eabi/12.3.1/thumb/v7e-m+dp/hard/crtbegin.o

.data           0x20000000       0x20 load address 0x0800603c
                0x20000000                        . = ALIGN (0x4)
                0x20000000                        _sdata = .
 *(.data)
 *(.data*)
 .data.gearratio
                0x20000000       0x10 ./Core/Src/main.o
                0x20000000                gearratio
 .data.PPR      0x20000010        0x4 ./Core/Src/main.o
                0x20000010                PPR
 .data.SystemCoreClock
                0x20000014        0x4 ./Core/Src/system_stm32f7xx.o
                0x20000014                SystemCoreClock
 .data.uwTickPrio
                0x20000018        0x4 ./Drivers/STM32F7xx_HAL_Driver/Src/stm32f7xx_hal.o
                0x20000018                uwTickPrio
 .data.uwTickFreq
                0x2000001c        0x1 ./Drivers/STM32F7xx_HAL_Driver/Src/stm32f7xx_hal.o
                0x2000001c                uwTickFreq
 *(.RamFunc)
 *(.RamFunc*)
                0x20000020                        . = ALIGN (0x4)
 *fill*         0x2000001d        0x3 
                0x20000020                        _edata = .

.igot.plt       0x20000020        0x0 load address 0x0800605c
 .igot.plt      0x20000020        0x0 /opt/st/stm32cubeide_1.17.0/plugins/com.st.stm32cube.ide.mcu.externaltools.gnu-tools-for-stm32.12.3.rel1.linux64_1.1.0.202410170702/tools/bin/../lib/gcc/arm-none-eabi/12.3.1/thumb/v7e-m+dp/hard/crtbegin.o
                0x20000020                        . = ALIGN (0x4)

.bss            0x20000020      0x368 load address 0x0800605c
                0x20000020                        _sbss = .
                0x20000020                        __bss_start__ = _sbss
 *(.bss)
 .bss           0x20000020       0x1c /opt/st/stm32cubeide_1.17.0/plugins/com.st.stm32cube.ide.mcu.externaltools.gnu-tools-for-stm32.12.3.rel1.linux64_1.1.0.202410170702/tools/bin/../lib/gcc/arm-none-eabi/12.3.1/thumb/v7e-m+dp/hard/crtbegin.o
 *(.bss*)
 .bss.htim1     0x2000003c       0x4c ./Core/Src/main.o
                0x2000003c                htim1
 .bss.htim2     0x20000088       0x4c ./Core/Src/main.o
                0x20000088                htim2
 .bss.htim3     0x200000d4       0x4c ./Core/Src/main.o
                0x200000d4                htim3
 .bss.htim4     0x20000120       0x4c ./Core/Src/main.o
                0x20000120                htim4
 .bss.htim6     0x2000016c       0x4c ./Core/Src/main.o
                0x2000016c                htim6
 .bss.htim8     0x200001b8       0x4c ./Core/Src/main.o
                0x200001b8                htim8
 .bss.huart1    0x20000204       0x88 ./Core/Src/main.o
                0x20000204                huart1
 .bss.rx_buf    0x2000028c       0x12 ./Core/Src/main.o
                0x2000028c                rx_buf
 *fill*         0x2000029e        0x2 
 .bss.received_vel
                0x200002a0       0x10 ./Core/Src/main.o
                0x200002a0                received_vel
 .bss.data_ready
                0x200002b0        0x4 ./Core/Src/main.o
                0x200002b0                data_ready
 .bss.enc_cnt   0x200002b4       0x10 ./Core/Src/main.o
                0x200002b4                enc_cnt
 .bss.enc_prev  0x200002c4       0x10 ./Core/Src/main.o
                0x200002c4                enc_prev
 .bss.enc_dif   0x200002d4       0x10 ./Core/Src/main.o
                0x200002d4                enc_dif
 .bss.error     0x200002e4       0x10 ./Core/Src/main.o
                0x200002e4                error
 .bss.prev_error
                0x200002f4       0x10 ./Core/Src/main.o
                0x200002f4                prev_error
 .bss.current_vel
                0x20000304       0x10 ./Core/Src/main.o
                0x20000304                current_vel
 .bss.filtered_vel
                0x20000314       0x10 ./Core/Src/main.o
                0x20000314                filtered_vel
 .bss.integral  0x20000324       0x10 ./Core/Src/main.o
                0x20000324                integral
 .bss.derivative
                0x20000334       0x10 ./Core/Src/main.o
                0x20000334                derivative
 .bss.pwm_value
                0x20000344       0x10 ./Core/Src/main.o
                0x20000344                pwm_value
 .bss.Kp        0x20000354       0x10 ./Core/Src/main.o
                0x20000354                Kp
 .bss.Ki        0x20000364       0x10 ./Core/Src/main.o
                0x20000364                Ki
 .bss.Kd        0x20000374       0x10 ./Core/Src/main.o
                0x20000374                Kd
 .bss.uwTick    0x20000384        0x4 ./Drivers/STM32F7xx_HAL_Driver/Src/stm32f7xx_hal.o
                0x20000384                uwTick
 *(COMMON)
                0x20000388                        . = ALIGN (0x4)
                0x20000388                        _ebss = .
                0x20000388                        __bss_end__ = _ebss

._user_heap_stack
                0x20000388      0x600 load address 0x0800605c
                0x20000388                        . = ALIGN (0x8)
                [!provide]                        PROVIDE (end = .)
                0x20000388                        PROVIDE (_end = .)
                0x20000588                        . = (. + _Min_Heap_Size)
 *fill*         0x20000388      0x200 
                0x20000988                        . = (. + _Min_Stack_Size)
 *fill*         0x20000588      0x400 
                0x20000988                        . = ALIGN (0x8)

/DISCARD/
 libc.a(*)
 libm.a(*)
 libgcc.a(*)

.ARM.attributes
                0x00000000       0x2e
 *(.ARM.attributes)
 .ARM.attributes
                0x00000000       0x20 /opt/st/stm32cubeide_1.17.0/plugins/com.st.stm32cube.ide.mcu.externaltools.gnu-tools-for-stm32.12.3.rel1.linux64_1.1.0.202410170702/tools/bin/../lib/gcc/arm-none-eabi/12.3.1/thumb/v7e-m+dp/hard/crti.o
 .ARM.attributes
                0x00000020       0x32 /opt/st/stm32cubeide_1.17.0/plugins/com.st.stm32cube.ide.mcu.externaltools.gnu-tools-for-stm32.12.3.rel1.linux64_1.1.0.202410170702/tools/bin/../lib/gcc/arm-none-eabi/12.3.1/thumb/v7e-m+dp/hard/crtbegin.o
 .ARM.attributes
                0x00000052       0x32 ./Core/Src/main.o
 .ARM.attributes
                0x00000084       0x32 ./Core/Src/stm32f7xx_hal_msp.o
 .ARM.attributes
                0x000000b6       0x32 ./Core/Src/stm32f7xx_it.o
 .ARM.attributes
                0x000000e8       0x32 ./Core/Src/system_stm32f7xx.o
 .ARM.attributes
                0x0000011a       0x21 ./Core/Startup/startup_stm32f767zitx.o
 .ARM.attributes
                0x0000013b       0x32 ./Drivers/STM32F7xx_HAL_Driver/Src/stm32f7xx_hal.o
 .ARM.attributes
                0x0000016d       0x32 ./Drivers/STM32F7xx_HAL_Driver/Src/stm32f7xx_hal_cortex.o
 .ARM.attributes
                0x0000019f       0x32 ./Drivers/STM32F7xx_HAL_Driver/Src/stm32f7xx_hal_dma.o
 .ARM.attributes
                0x000001d1       0x32 ./Drivers/STM32F7xx_HAL_Driver/Src/stm32f7xx_hal_gpio.o
 .ARM.attributes
                0x00000203       0x32 ./Drivers/STM32F7xx_HAL_Driver/Src/stm32f7xx_hal_rcc.o
 .ARM.attributes
                0x00000235       0x32 ./Drivers/STM32F7xx_HAL_Driver/Src/stm32f7xx_hal_rcc_ex.o
 .ARM.attributes
                0x00000267       0x32 ./Drivers/STM32F7xx_HAL_Driver/Src/stm32f7xx_hal_tim.o
 .ARM.attributes
                0x00000299       0x32 ./Drivers/STM32F7xx_HAL_Driver/Src/stm32f7xx_hal_tim_ex.o
 .ARM.attributes
                0x000002cb       0x32 ./Drivers/STM32F7xx_HAL_Driver/Src/stm32f7xx_hal_uart.o
 .ARM.attributes
                0x000002fd       0x32 /opt/st/stm32cubeide_1.17.0/plugins/com.st.stm32cube.ide.mcu.externaltools.gnu-tools-for-stm32.12.3.rel1.linux64_1.1.0.202410170702/tools/bin/../lib/gcc/arm-none-eabi/12.3.1/../../../../arm-none-eabi/lib/thumb/v7e-m+dp/hard/libc_nano.a(libc_a-memset.o)
 .ARM.attributes
                0x0000032f       0x32 /opt/st/stm32cubeide_1.17.0/plugins/com.st.stm32cube.ide.mcu.externaltools.gnu-tools-for-stm32.12.3.rel1.linux64_1.1.0.202410170702/tools/bin/../lib/gcc/arm-none-eabi/12.3.1/../../../../arm-none-eabi/lib/thumb/v7e-m+dp/hard/libc_nano.a(libc_a-init.o)
 .ARM.attributes
                0x00000361       0x32 /opt/st/stm32cubeide_1.17.0/plugins/com.st.stm32cube.ide.mcu.externaltools.gnu-tools-for-stm32.12.3.rel1.linux64_1.1.0.202410170702/tools/bin/../lib/gcc/arm-none-eabi/12.3.1/../../../../arm-none-eabi/lib/thumb/v7e-m+dp/hard/libc_nano.a(libc_a-memcpy-stub.o)
 .ARM.attributes
                0x00000393       0x20 /opt/st/stm32cubeide_1.17.0/plugins/com.st.stm32cube.ide.mcu.externaltools.gnu-tools-for-stm32.12.3.rel1.linux64_1.1.0.202410170702/tools/bin/../lib/gcc/arm-none-eabi/12.3.1/thumb/v7e-m+dp/hard/libgcc.a(_aeabi_uldivmod.o)
 .ARM.attributes
                0x000003b3       0x32 /opt/st/stm32cubeide_1.17.0/plugins/com.st.stm32cube.ide.mcu.externaltools.gnu-tools-for-stm32.12.3.rel1.linux64_1.1.0.202410170702/tools/bin/../lib/gcc/arm-none-eabi/12.3.1/thumb/v7e-m+dp/hard/libgcc.a(_udivmoddi4.o)
 .ARM.attributes
                0x000003e5       0x20 /opt/st/stm32cubeide_1.17.0/plugins/com.st.stm32cube.ide.mcu.externaltools.gnu-tools-for-stm32.12.3.rel1.linux64_1.1.0.202410170702/tools/bin/../lib/gcc/arm-none-eabi/12.3.1/thumb/v7e-m+dp/hard/libgcc.a(_dvmd_tls.o)
 .ARM.attributes
                0x00000405       0x20 /opt/st/stm32cubeide_1.17.0/plugins/com.st.stm32cube.ide.mcu.externaltools.gnu-tools-for-stm32.12.3.rel1.linux64_1.1.0.202410170702/tools/bin/../lib/gcc/arm-none-eabi/12.3.1/thumb/v7e-m+dp/hard/crtn.o
OUTPUT(motor_serial_comm.elf elf32-littlearm)
LOAD linker stubs
LOAD /opt/st/stm32cubeide_1.17.0/plugins/com.st.stm32cube.ide.mcu.externaltools.gnu-tools-for-stm32.12.3.rel1.linux64_1.1.0.202410170702/tools/bin/../lib/gcc/arm-none-eabi/12.3.1/../../../../arm-none-eabi/lib/thumb/v7e-m+dp/hard/libc.a
LOAD /opt/st/stm32cubeide_1.17.0/plugins/com.st.stm32cube.ide.mcu.externaltools.gnu-tools-for-stm32.12.3.rel1.linux64_1.1.0.202410170702/tools/bin/../lib/gcc/arm-none-eabi/12.3.1/../../../../arm-none-eabi/lib/thumb/v7e-m+dp/hard/libm.a
LOAD /opt/st/stm32cubeide_1.17.0/plugins/com.st.stm32cube.ide.mcu.externaltools.gnu-tools-for-stm32.12.3.rel1.linux64_1.1.0.202410170702/tools/bin/../lib/gcc/arm-none-eabi/12.3.1/thumb/v7e-m+dp/hard/libgcc.a

.debug_info     0x00000000     0xf8c3
 .debug_info    0x00000000     0x1a78 ./Core/Src/main.o
 .debug_info    0x00001a78     0x15a6 ./Core/Src/stm32f7xx_hal_msp.o
 .debug_info    0x0000301e      0xad3 ./Core/Src/stm32f7xx_it.o
 .debug_info    0x00003af1      0x6ed ./Core/Src/system_stm32f7xx.o
 .debug_info    0x000041de       0x30 ./Core/Startup/startup_stm32f767zitx.o
 .debug_info    0x0000420e      0xa4c ./Drivers/STM32F7xx_HAL_Driver/Src/stm32f7xx_hal.o
 .debug_info    0x00004c5a      0xfc0 ./Drivers/STM32F7xx_HAL_Driver/Src/stm32f7xx_hal_cortex.o
 .debug_info    0x00005c1a      0x8e7 ./Drivers/STM32F7xx_HAL_Driver/Src/stm32f7xx_hal_dma.o
 .debug_info    0x00006501      0x6f3 ./Drivers/STM32F7xx_HAL_Driver/Src/stm32f7xx_hal_gpio.o
 .debug_info    0x00006bf4      0x94b ./Drivers/STM32F7xx_HAL_Driver/Src/stm32f7xx_hal_rcc.o
 .debug_info    0x0000753f      0x6e1 ./Drivers/STM32F7xx_HAL_Driver/Src/stm32f7xx_hal_rcc_ex.o
 .debug_info    0x00007c20     0x2ad5 ./Drivers/STM32F7xx_HAL_Driver/Src/stm32f7xx_hal_tim.o
 .debug_info    0x0000a6f5     0x16bb ./Drivers/STM32F7xx_HAL_Driver/Src/stm32f7xx_hal_tim_ex.o
 .debug_info    0x0000bdb0     0x3b13 ./Drivers/STM32F7xx_HAL_Driver/Src/stm32f7xx_hal_uart.o

.debug_abbrev   0x00000000     0x1e9a
 .debug_abbrev  0x00000000      0x365 ./Core/Src/main.o
 .debug_abbrev  0x00000365      0x249 ./Core/Src/stm32f7xx_hal_msp.o
 .debug_abbrev  0x000005ae      0x19c ./Core/Src/stm32f7xx_it.o
 .debug_abbrev  0x0000074a      0x13b ./Core/Src/system_stm32f7xx.o
 .debug_abbrev  0x00000885       0x24 ./Core/Startup/startup_stm32f767zitx.o
 .debug_abbrev  0x000008a9      0x213 ./Drivers/STM32F7xx_HAL_Driver/Src/stm32f7xx_hal.o
 .debug_abbrev  0x00000abc      0x31e ./Drivers/STM32F7xx_HAL_Driver/Src/stm32f7xx_hal_cortex.o
 .debug_abbrev  0x00000dda      0x264 ./Drivers/STM32F7xx_HAL_Driver/Src/stm32f7xx_hal_dma.o
 .debug_abbrev  0x0000103e      0x1d4 ./Drivers/STM32F7xx_HAL_Driver/Src/stm32f7xx_hal_gpio.o
 .debug_abbrev  0x00001212      0x2de ./Drivers/STM32F7xx_HAL_Driver/Src/stm32f7xx_hal_rcc.o
 .debug_abbrev  0x000014f0      0x1c9 ./Drivers/STM32F7xx_HAL_Driver/Src/stm32f7xx_hal_rcc_ex.o
 .debug_abbrev  0x000016b9      0x278 ./Drivers/STM32F7xx_HAL_Driver/Src/stm32f7xx_hal_tim.o
 .debug_abbrev  0x00001931      0x283 ./Drivers/STM32F7xx_HAL_Driver/Src/stm32f7xx_hal_tim_ex.o
 .debug_abbrev  0x00001bb4      0x2e6 ./Drivers/STM32F7xx_HAL_Driver/Src/stm32f7xx_hal_uart.o

.debug_aranges  0x00000000      0xd40
 .debug_aranges
                0x00000000       0xa0 ./Core/Src/main.o
 .debug_aranges
                0x000000a0       0x58 ./Core/Src/stm32f7xx_hal_msp.o
 .debug_aranges
                0x000000f8       0x70 ./Core/Src/stm32f7xx_it.o
 .debug_aranges
                0x00000168       0x28 ./Core/Src/system_stm32f7xx.o
 .debug_aranges
                0x00000190       0x28 ./Core/Startup/startup_stm32f767zitx.o
 .debug_aranges
                0x000001b8      0x110 ./Drivers/STM32F7xx_HAL_Driver/Src/stm32f7xx_hal.o
 .debug_aranges
                0x000002c8      0x128 ./Drivers/STM32F7xx_HAL_Driver/Src/stm32f7xx_hal_cortex.o
 .debug_aranges
                0x000003f0       0x90 ./Drivers/STM32F7xx_HAL_Driver/Src/stm32f7xx_hal_dma.o
 .debug_aranges
                0x00000480       0x58 ./Drivers/STM32F7xx_HAL_Driver/Src/stm32f7xx_hal_gpio.o
 .debug_aranges
                0x000004d8       0x88 ./Drivers/STM32F7xx_HAL_Driver/Src/stm32f7xx_hal_rcc.o
 .debug_aranges
                0x00000560       0x50 ./Drivers/STM32F7xx_HAL_Driver/Src/stm32f7xx_hal_rcc_ex.o
 .debug_aranges
                0x000005b0      0x3e0 ./Drivers/STM32F7xx_HAL_Driver/Src/stm32f7xx_hal_tim.o
 .debug_aranges
                0x00000990      0x180 ./Drivers/STM32F7xx_HAL_Driver/Src/stm32f7xx_hal_tim_ex.o
 .debug_aranges
                0x00000b10      0x230 ./Drivers/STM32F7xx_HAL_Driver/Src/stm32f7xx_hal_uart.o

.debug_rnglists
                0x00000000      0xa74
 .debug_rnglists
                0x00000000       0x7e ./Core/Src/main.o
 .debug_rnglists
                0x0000007e       0x41 ./Core/Src/stm32f7xx_hal_msp.o
 .debug_rnglists
                0x000000bf       0x4f ./Core/Src/stm32f7xx_it.o
 .debug_rnglists
                0x0000010e       0x1a ./Core/Src/system_stm32f7xx.o
 .debug_rnglists
                0x00000128       0x19 ./Core/Startup/startup_stm32f767zitx.o
 .debug_rnglists
                0x00000141       0xc7 ./Drivers/STM32F7xx_HAL_Driver/Src/stm32f7xx_hal.o
 .debug_rnglists
                0x00000208       0xda ./Drivers/STM32F7xx_HAL_Driver/Src/stm32f7xx_hal_cortex.o
 .debug_rnglists
                0x000002e2       0x70 ./Drivers/STM32F7xx_HAL_Driver/Src/stm32f7xx_hal_dma.o
 .debug_rnglists
                0x00000352       0x3f ./Drivers/STM32F7xx_HAL_Driver/Src/stm32f7xx_hal_gpio.o
 .debug_rnglists
                0x00000391       0x67 ./Drivers/STM32F7xx_HAL_Driver/Src/stm32f7xx_hal_rcc.o
 .debug_rnglists
                0x000003f8       0x3c ./Drivers/STM32F7xx_HAL_Driver/Src/stm32f7xx_hal_rcc_ex.o
 .debug_rnglists
                0x00000434      0x328 ./Drivers/STM32F7xx_HAL_Driver/Src/stm32f7xx_hal_tim.o
 .debug_rnglists
                0x0000075c      0x138 ./Drivers/STM32F7xx_HAL_Driver/Src/stm32f7xx_hal_tim_ex.o
 .debug_rnglists
                0x00000894      0x1e0 ./Drivers/STM32F7xx_HAL_Driver/Src/stm32f7xx_hal_uart.o

.debug_macro    0x00000000    0x27717
 .debug_macro   0x00000000      0x2cc ./Core/Src/main.o
 .debug_macro   0x000002cc      0xacc ./Core/Src/main.o
 .debug_macro   0x00000d98      0x293 ./Core/Src/main.o
 .debug_macro   0x0000102b       0x2e ./Core/Src/main.o
 .debug_macro   0x00001059       0x3b ./Core/Src/main.o
 .debug_macro   0x00001094       0x22 ./Core/Src/main.o
 .debug_macro   0x000010b6       0x8e ./Core/Src/main.o
 .debug_macro   0x00001144       0x51 ./Core/Src/main.o
 .debug_macro   0x00001195      0x103 ./Core/Src/main.o
 .debug_macro   0x00001298       0x6a ./Core/Src/main.o
 .debug_macro   0x00001302      0x1df ./Core/Src/main.o
 .debug_macro   0x000014e1       0x1c ./Core/Src/main.o
 .debug_macro   0x000014fd       0x22 ./Core/Src/main.o
 .debug_macro   0x0000151f       0xd9 ./Core/Src/main.o
 .debug_macro   0x000015f8     0x12cd ./Core/Src/main.o
 .debug_macro   0x000028c5      0x11f ./Core/Src/main.o
 .debug_macro   0x000029e4       0x19 ./Core/Src/main.o
 .debug_macro   0x000029fd    0x1aa23 ./Core/Src/main.o
 .debug_macro   0x0001d420       0x6d ./Core/Src/main.o
 .debug_macro   0x0001d48d     0x375e ./Core/Src/main.o
 .debug_macro   0x00020beb      0x189 ./Core/Src/main.o
 .debug_macro   0x00020d74       0x63 ./Core/Src/main.o
 .debug_macro   0x00020dd7     0x1add ./Core/Src/main.o
 .debug_macro   0x000228b4      0x6c4 ./Core/Src/main.o
 .debug_macro   0x00022f78      0x18b ./Core/Src/main.o
 .debug_macro   0x00023103      0x115 ./Core/Src/main.o
 .debug_macro   0x00023218      0x26e ./Core/Src/main.o
 .debug_macro   0x00023486       0xa5 ./Core/Src/main.o
 .debug_macro   0x0002352b      0x24f ./Core/Src/main.o
 .debug_macro   0x0002377a       0x71 ./Core/Src/main.o
 .debug_macro   0x000237eb       0x58 ./Core/Src/main.o
 .debug_macro   0x00023843      0x236 ./Core/Src/main.o
 .debug_macro   0x00023a79      0x14e ./Core/Src/main.o
 .debug_macro   0x00023bc7      0x3db ./Core/Src/main.o
 .debug_macro   0x00023fa2       0x12 ./Core/Src/main.o
 .debug_macro   0x00023fb4      0x22c ./Core/Src/main.o
 .debug_macro   0x000241e0       0x61 ./Core/Src/main.o
 .debug_macro   0x00024241       0xa5 ./Core/Src/main.o
 .debug_macro   0x000242e6      0x12e ./Core/Src/main.o
 .debug_macro   0x00024414      0x108 ./Core/Src/main.o
 .debug_macro   0x0002451c       0x35 ./Core/Src/main.o
 .debug_macro   0x00024551      0xa91 ./Core/Src/main.o
 .debug_macro   0x00024fe2       0xa9 ./Core/Src/main.o
 .debug_macro   0x0002508b      0x5ba ./Core/Src/main.o
 .debug_macro   0x00025645       0x44 ./Core/Src/main.o
 .debug_macro   0x00025689      0x15b ./Core/Src/main.o
 .debug_macro   0x000257e4       0x10 ./Core/Src/main.o
 .debug_macro   0x000257f4       0x61 ./Core/Src/main.o
 .debug_macro   0x00025855       0x29 ./Core/Src/main.o
 .debug_macro   0x0002587e       0x43 ./Core/Src/main.o
 .debug_macro   0x000258c1       0x34 ./Core/Src/main.o
 .debug_macro   0x000258f5       0x16 ./Core/Src/main.o
 .debug_macro   0x0002590b       0x43 ./Core/Src/main.o
 .debug_macro   0x0002594e       0x34 ./Core/Src/main.o
 .debug_macro   0x00025982       0x10 ./Core/Src/main.o
 .debug_macro   0x00025992       0x58 ./Core/Src/main.o
 .debug_macro   0x000259ea       0x8e ./Core/Src/main.o
 .debug_macro   0x00025a78       0x1c ./Core/Src/main.o
 .debug_macro   0x00025a94      0x177 ./Core/Src/main.o
 .debug_macro   0x00025c0b      0x369 ./Core/Src/main.o
 .debug_macro   0x00025f74       0x10 ./Core/Src/main.o
 .debug_macro   0x00025f84       0x35 ./Core/Src/main.o
 .debug_macro   0x00025fb9       0x20 ./Core/Src/main.o
 .debug_macro   0x00025fd9      0x1f2 ./Core/Src/stm32f7xx_hal_msp.o
 .debug_macro   0x000261cb      0x1fc ./Core/Src/stm32f7xx_it.o
 .debug_macro   0x000263c7      0x1e3 ./Core/Src/system_stm32f7xx.o
 .debug_macro   0x000265aa      0x207 ./Drivers/STM32F7xx_HAL_Driver/Src/stm32f7xx_hal.o
 .debug_macro   0x000267b1      0x1e3 ./Drivers/STM32F7xx_HAL_Driver/Src/stm32f7xx_hal_cortex.o
 .debug_macro   0x00026994      0x1e9 ./Drivers/STM32F7xx_HAL_Driver/Src/stm32f7xx_hal_dma.o
 .debug_macro   0x00026b7d      0x1e9 ./Drivers/STM32F7xx_HAL_Driver/Src/stm32f7xx_hal_gpio.o
 .debug_macro   0x00026d66      0x207 ./Drivers/STM32F7xx_HAL_Driver/Src/stm32f7xx_hal_rcc.o
 .debug_macro   0x00026f6d      0x1e3 ./Drivers/STM32F7xx_HAL_Driver/Src/stm32f7xx_hal_rcc_ex.o
 .debug_macro   0x00027150      0x1e4 ./Drivers/STM32F7xx_HAL_Driver/Src/stm32f7xx_hal_tim.o
 .debug_macro   0x00027334      0x1e3 ./Drivers/STM32F7xx_HAL_Driver/Src/stm32f7xx_hal_tim_ex.o
 .debug_macro   0x00027517      0x200 ./Drivers/STM32F7xx_HAL_Driver/Src/stm32f7xx_hal_uart.o

.debug_line     0x00000000     0xfd05
 .debug_line    0x00000000      0xdfa ./Core/Src/main.o
 .debug_line    0x00000dfa      0x8ab ./Core/Src/stm32f7xx_hal_msp.o
 .debug_line    0x000016a5      0x7a9 ./Core/Src/stm32f7xx_it.o
 .debug_line    0x00001e4e      0x72a ./Core/Src/system_stm32f7xx.o
 .debug_line    0x00002578       0x7a ./Core/Startup/startup_stm32f767zitx.o
 .debug_line    0x000025f2      0xa09 ./Drivers/STM32F7xx_HAL_Driver/Src/stm32f7xx_hal.o
 .debug_line    0x00002ffb      0xc7b ./Drivers/STM32F7xx_HAL_Driver/Src/stm32f7xx_hal_cortex.o
 .debug_line    0x00003c76      0xf2a ./Drivers/STM32F7xx_HAL_Driver/Src/stm32f7xx_hal_dma.o
 .debug_line    0x00004ba0      0xb5f ./Drivers/STM32F7xx_HAL_Driver/Src/stm32f7xx_hal_gpio.o
 .debug_line    0x000056ff      0xe37 ./Drivers/STM32F7xx_HAL_Driver/Src/stm32f7xx_hal_rcc.o
 .debug_line    0x00006536      0xe10 ./Drivers/STM32F7xx_HAL_Driver/Src/stm32f7xx_hal_rcc_ex.o
 .debug_line    0x00007346     0x3c8b ./Drivers/STM32F7xx_HAL_Driver/Src/stm32f7xx_hal_tim.o
 .debug_line    0x0000afd1     0x1b9e ./Drivers/STM32F7xx_HAL_Driver/Src/stm32f7xx_hal_tim_ex.o
 .debug_line    0x0000cb6f     0x3196 ./Drivers/STM32F7xx_HAL_Driver/Src/stm32f7xx_hal_uart.o

.debug_str      0x00000000    0xfac56
 .debug_str     0x00000000    0xf7794 ./Core/Src/main.o
                              0xf7f93 (size before relaxing)
 .debug_str     0x000f7794      0x9d3 ./Core/Src/stm32f7xx_hal_msp.o
                              0xf504d (size before relaxing)
 .debug_str     0x000f8167      0x116 ./Core/Src/stm32f7xx_it.o
                              0xf4545 (size before relaxing)
 .debug_str     0x000f827d      0x1a4 ./Core/Src/system_stm32f7xx.o
                              0xf3f0e (size before relaxing)
 .debug_str     0x000f8421       0x44 ./Core/Startup/startup_stm32f767zitx.o
                                 0x7c (size before relaxing)
 .debug_str     0x000f8465      0x451 ./Drivers/STM32F7xx_HAL_Driver/Src/stm32f7xx_hal.o
                              0xf494e (size before relaxing)
 .debug_str     0x000f88b6      0x29f ./Drivers/STM32F7xx_HAL_Driver/Src/stm32f7xx_hal_cortex.o
                              0xf4930 (size before relaxing)
 .debug_str     0x000f8b55      0x32e ./Drivers/STM32F7xx_HAL_Driver/Src/stm32f7xx_hal_dma.o
                              0xf424d (size before relaxing)
 .debug_str     0x000f8e83       0xf2 ./Drivers/STM32F7xx_HAL_Driver/Src/stm32f7xx_hal_gpio.o
                              0xf3fcc (size before relaxing)
 .debug_str     0x000f8f75      0x260 ./Drivers/STM32F7xx_HAL_Driver/Src/stm32f7xx_hal_rcc.o
                              0xf4289 (size before relaxing)
 .debug_str     0x000f91d5      0x14f ./Drivers/STM32F7xx_HAL_Driver/Src/stm32f7xx_hal_rcc_ex.o
                              0xf41ec (size before relaxing)
 .debug_str     0x000f9324      0xc6f ./Drivers/STM32F7xx_HAL_Driver/Src/stm32f7xx_hal_tim.o
                              0xf5231 (size before relaxing)
 .debug_str     0x000f9f93      0x4a0 ./Drivers/STM32F7xx_HAL_Driver/Src/stm32f7xx_hal_tim_ex.o
                              0xf4b37 (size before relaxing)
 .debug_str     0x000fa433      0x823 ./Drivers/STM32F7xx_HAL_Driver/Src/stm32f7xx_hal_uart.o
                              0xf4bd7 (size before relaxing)

.comment        0x00000000       0x43
 .comment       0x00000000       0x43 ./Core/Src/main.o
                                 0x44 (size before relaxing)
 .comment       0x00000043       0x44 ./Core/Src/stm32f7xx_hal_msp.o
 .comment       0x00000043       0x44 ./Core/Src/stm32f7xx_it.o
 .comment       0x00000043       0x44 ./Core/Src/system_stm32f7xx.o
 .comment       0x00000043       0x44 ./Drivers/STM32F7xx_HAL_Driver/Src/stm32f7xx_hal.o
 .comment       0x00000043       0x44 ./Drivers/STM32F7xx_HAL_Driver/Src/stm32f7xx_hal_cortex.o
 .comment       0x00000043       0x44 ./Drivers/STM32F7xx_HAL_Driver/Src/stm32f7xx_hal_dma.o
 .comment       0x00000043       0x44 ./Drivers/STM32F7xx_HAL_Driver/Src/stm32f7xx_hal_gpio.o
 .comment       0x00000043       0x44 ./Drivers/STM32F7xx_HAL_Driver/Src/stm32f7xx_hal_rcc.o
 .comment       0x00000043       0x44 ./Drivers/STM32F7xx_HAL_Driver/Src/stm32f7xx_hal_rcc_ex.o
 .comment       0x00000043       0x44 ./Drivers/STM32F7xx_HAL_Driver/Src/stm32f7xx_hal_tim.o
 .comment       0x00000043       0x44 ./Drivers/STM32F7xx_HAL_Driver/Src/stm32f7xx_hal_tim_ex.o
 .comment       0x00000043       0x44 ./Drivers/STM32F7xx_HAL_Driver/Src/stm32f7xx_hal_uart.o

.debug_frame    0x00000000     0x3868
 .debug_frame   0x00000000      0x264 ./Core/Src/main.o
 .debug_frame   0x00000264      0x138 ./Core/Src/stm32f7xx_hal_msp.o
 .debug_frame   0x0000039c      0x13c ./Core/Src/stm32f7xx_it.o
 .debug_frame   0x000004d8       0x58 ./Core/Src/system_stm32f7xx.o
 .debug_frame   0x00000530      0x3f4 ./Drivers/STM32F7xx_HAL_Driver/Src/stm32f7xx_hal.o
 .debug_frame   0x00000924      0x4e8 ./Drivers/STM32F7xx_HAL_Driver/Src/stm32f7xx_hal_cortex.o
 .debug_frame   0x00000e0c      0x250 ./Drivers/STM32F7xx_HAL_Driver/Src/stm32f7xx_hal_dma.o
 .debug_frame   0x0000105c      0x14c ./Drivers/STM32F7xx_HAL_Driver/Src/stm32f7xx_hal_gpio.o
 .debug_frame   0x000011a8      0x1f8 ./Drivers/STM32F7xx_HAL_Driver/Src/stm32f7xx_hal_rcc.o
 .debug_frame   0x000013a0      0x118 ./Drivers/STM32F7xx_HAL_Driver/Src/stm32f7xx_hal_rcc_ex.o
 .debug_frame   0x000014b8     0x121c ./Drivers/STM32F7xx_HAL_Driver/Src/stm32f7xx_hal_tim.o
 .debug_frame   0x000026d4      0x6b0 ./Drivers/STM32F7xx_HAL_Driver/Src/stm32f7xx_hal_tim_ex.o
 .debug_frame   0x00002d84      0xa10 ./Drivers/STM32F7xx_HAL_Driver/Src/stm32f7xx_hal_uart.o
 .debug_frame   0x00003794       0x20 /opt/st/stm32cubeide_1.17.0/plugins/com.st.stm32cube.ide.mcu.externaltools.gnu-tools-for-stm32.12.3.rel1.linux64_1.1.0.202410170702/tools/bin/../lib/gcc/arm-none-eabi/12.3.1/../../../../arm-none-eabi/lib/thumb/v7e-m+dp/hard/libc_nano.a(libc_a-memset.o)
 .debug_frame   0x000037b4       0x2c /opt/st/stm32cubeide_1.17.0/plugins/com.st.stm32cube.ide.mcu.externaltools.gnu-tools-for-stm32.12.3.rel1.linux64_1.1.0.202410170702/tools/bin/../lib/gcc/arm-none-eabi/12.3.1/../../../../arm-none-eabi/lib/thumb/v7e-m+dp/hard/libc_nano.a(libc_a-init.o)
 .debug_frame   0x000037e0       0x28 /opt/st/stm32cubeide_1.17.0/plugins/com.st.stm32cube.ide.mcu.externaltools.gnu-tools-for-stm32.12.3.rel1.linux64_1.1.0.202410170702/tools/bin/../lib/gcc/arm-none-eabi/12.3.1/../../../../arm-none-eabi/lib/thumb/v7e-m+dp/hard/libc_nano.a(libc_a-memcpy-stub.o)
 .debug_frame   0x00003808       0x2c /opt/st/stm32cubeide_1.17.0/plugins/com.st.stm32cube.ide.mcu.externaltools.gnu-tools-for-stm32.12.3.rel1.linux64_1.1.0.202410170702/tools/bin/../lib/gcc/arm-none-eabi/12.3.1/thumb/v7e-m+dp/hard/libgcc.a(_aeabi_uldivmod.o)
 .debug_frame   0x00003834       0x34 /opt/st/stm32cubeide_1.17.0/plugins/com.st.stm32cube.ide.mcu.externaltools.gnu-tools-for-stm32.12.3.rel1.linux64_1.1.0.202410170702/tools/bin/../lib/gcc/arm-none-eabi/12.3.1/thumb/v7e-m+dp/hard/libgcc.a(_udivmoddi4.o)

.debug_line_str
                0x00000000       0x60
 .debug_line_str
                0x00000000       0x60 ./Core/Startup/startup_stm32f767zitx.o
