../Core/Src/main.c:98:6:HAL_UART_RxCpltCallback	16	static
../Core/Src/main.c:108:7:Get_Speed	24	static
../Core/Src/main.c:121:7:LPF_Speed	24	static
../Core/Src/main.c:127:6:PID_control	16	static
../Core/Src/main.c:140:6:HAL_TIM_PeriodElapsedCallback	24	static
../Core/Src/main.c:192:5:main	8	static
../Core/Src/main.c:271:6:SystemClock_Config	88	static
../Core/Src/main.c:313:13:MX_TIM1_Init	112	static
../Core/Src/main.c:405:13:MX_TIM2_Init	56	static
../Core/Src/main.c:454:13:MX_TIM3_Init	56	static
../Core/Src/main.c:503:13:MX_TIM4_Init	56	static
../Core/Src/main.c:552:13:MX_TIM6_Init	24	static
../Core/Src/main.c:590:13:MX_TIM8_Init	56	static
../Core/Src/main.c:641:13:MX_USART1_UART_Init	8	static
../Core/Src/main.c:676:13:MX_GPIO_Init	48	static
../Core/Src/main.c:732:6:MPU_Config	24	static
../Core/Src/main.c:763:6:Error_Handler	4	static,ignoring_inline_asm
